Command line invocation:
    /Applications/Xcode.app/Contents/Developer/usr/bin/xcodebuild -project FluxPlayer.xcodeproj -scheme FluxPlayer-tvOS -sdk appletvsimulator -destination "platform=tvOS Simulator,id=17D6DEA5-EADA-40FC-96E6-0870FACD5C17" build

Build settings from command line:
    SDKROOT = appletvsimulator26.2

2026-03-30 15:54:50.170 xcodebuild[11470:6702296] [MT] IDERunDestination: Supported platforms for the buildables in the current scheme is empty.
ComputePackagePrebuildTargetDependencyGraph

Prepare packages

CreateBuildRequest

SendProjectDescription

CreateBuildOperation

ComputeTargetDependencyGraph
note: Building targets in dependency order
note: Target dependency graph (1 target)
    Target 'FluxPlayer-tvOS' in project 'FluxPlayer' (no dependencies)

GatherProvisioningInputs

CreateBuildDescription

ExecuteExternalTool /Applications/Xcode.app/Contents/Developer/Toolchains/XcodeDefault.xctoolchain/usr/bin/clang -v -E -dM -isysroot /Applications/Xcode.app/Contents/Developer/Platforms/AppleTVSimulator.platform/Developer/SDKs/AppleTVSimulator26.2.sdk -x c -c /dev/null

ExecuteExternalTool /Applications/Xcode.app/Contents/Developer/usr/bin/actool --print-asset-tag-combinations --output-format xml1 /Users/elio/.gemini/antigravity/scratch/FluxPlayer/FluxPlayer/Assets.xcassets

ExecuteExternalTool /Applications/Xcode.app/Contents/Developer/usr/bin/actool --version --output-format xml1

ExecuteExternalTool /Applications/Xcode.app/Contents/Developer/Toolchains/XcodeDefault.xctoolchain/usr/bin/swiftc --version

ExecuteExternalTool /Applications/Xcode.app/Contents/Developer/Toolchains/XcodeDefault.xctoolchain/usr/bin/ld -version_details

Build description signature: f1c381fe80caf84dfde1f08eda1683f2
Build description path: /Users/elio/Library/Developer/Xcode/DerivedData/FluxPlayer-capuctxjnzsikkbmjeirxlkkfnxd/Build/Intermediates.noindex/XCBuildData/f1c381fe80caf84dfde1f08eda1683f2.xcbuilddata
ClangStatCache /Applications/Xcode.app/Contents/Developer/Toolchains/XcodeDefault.xctoolchain/usr/bin/clang-stat-cache /Applications/Xcode.app/Contents/Developer/Platforms/AppleTVSimulator.platform/Developer/SDKs/AppleTVSimulator26.2.sdk /Users/elio/Library/Developer/Xcode/DerivedData/SDKStatCaches.noindex/appletvsimulator26.2-23K50-080c9acb371011151a58bc032572b023.sdkstatcache
    cd /Users/elio/.gemini/antigravity/scratch/FluxPlayer/FluxPlayer.xcodeproj
    /Applications/Xcode.app/Contents/Developer/Toolchains/XcodeDefault.xctoolchain/usr/bin/clang-stat-cache /Applications/Xcode.app/Contents/Developer/Platforms/AppleTVSimulator.platform/Developer/SDKs/AppleTVSimulator26.2.sdk -o /Users/elio/Library/Developer/Xcode/DerivedData/SDKStatCaches.noindex/appletvsimulator26.2-23K50-080c9acb371011151a58bc032572b023.sdkstatcache

ProcessProductPackaging "" /Users/elio/Library/Developer/Xcode/DerivedData/FluxPlayer-capuctxjnzsikkbmjeirxlkkfnxd/Build/Intermediates.noindex/FluxPlayer.build/Debug-appletvsimulator/FluxPlayer-tvOS.build/FluxPlayer-tvOS.app-Simulated.xcent (in target 'FluxPlayer-tvOS' from project 'FluxPlayer')
    cd /Users/elio/.gemini/antigravity/scratch/FluxPlayer
    
    Entitlements:
    
    {
    "application-identifier" = "S3YD258U2R.com.fluxplayer.FluxPlayer-tvOS";
}
    
    builtin-productPackagingUtility -entitlements -format xml -o /Users/elio/Library/Developer/Xcode/DerivedData/FluxPlayer-capuctxjnzsikkbmjeirxlkkfnxd/Build/Intermediates.noindex/FluxPlayer.build/Debug-appletvsimulator/FluxPlayer-tvOS.build/FluxPlayer-tvOS.app-Simulated.xcent

ProcessProductPackagingDER /Users/elio/Library/Developer/Xcode/DerivedData/FluxPlayer-capuctxjnzsikkbmjeirxlkkfnxd/Build/Intermediates.noindex/FluxPlayer.build/Debug-appletvsimulator/FluxPlayer-tvOS.build/FluxPlayer-tvOS.app-Simulated.xcent /Users/elio/Library/Developer/Xcode/DerivedData/FluxPlayer-capuctxjnzsikkbmjeirxlkkfnxd/Build/Intermediates.noindex/FluxPlayer.build/Debug-appletvsimulator/FluxPlayer-tvOS.build/FluxPlayer-tvOS.app-Simulated.xcent.der (in target 'FluxPlayer-tvOS' from project 'FluxPlayer')
    cd /Users/elio/.gemini/antigravity/scratch/FluxPlayer
    /usr/bin/derq query -f xml -i /Users/elio/Library/Developer/Xcode/DerivedData/FluxPlayer-capuctxjnzsikkbmjeirxlkkfnxd/Build/Intermediates.noindex/FluxPlayer.build/Debug-appletvsimulator/FluxPlayer-tvOS.build/FluxPlayer-tvOS.app-Simulated.xcent -o /Users/elio/Library/Developer/Xcode/DerivedData/FluxPlayer-capuctxjnzsikkbmjeirxlkkfnxd/Build/Intermediates.noindex/FluxPlayer.build/Debug-appletvsimulator/FluxPlayer-tvOS.build/FluxPlayer-tvOS.app-Simulated.xcent.der --raw

SwiftDriver FluxPlayer-tvOS normal arm64 com.apple.xcode.tools.swift.compiler (in target 'FluxPlayer-tvOS' from project 'FluxPlayer')
    cd /Users/elio/.gemini/antigravity/scratch/FluxPlayer
    builtin-SwiftDriver -- /Applications/Xcode.app/Contents/Developer/Toolchains/XcodeDefault.xctoolchain/usr/bin/swiftc -module-name FluxPlayer_tvOS -Onone -enforce-exclusivity\=checked @/Users/elio/Library/Developer/Xcode/DerivedData/FluxPlayer-capuctxjnzsikkbmjeirxlkkfnxd/Build/Intermediates.noindex/FluxPlayer.build/Debug-appletvsimulator/FluxPlayer-tvOS.build/Objects-normal/arm64/FluxPlayer-tvOS.SwiftFileList -DDEBUG -enable-bare-slash-regex -enable-experimental-feature DebugDescriptionMacro -sdk /Applications/Xcode.app/Contents/Developer/Platforms/AppleTVSimulator.platform/Developer/SDKs/AppleTVSimulator26.2.sdk -target arm64-apple-tvos17.0-simulator -g -module-cache-path /Users/elio/Library/Developer/Xcode/DerivedData/ModuleCache.noindex -Xfrontend -serialize-debugging-options -enable-testing -index-store-path /Users/elio/Library/Developer/Xcode/DerivedData/FluxPlayer-capuctxjnzsikkbmjeirxlkkfnxd/Index.noindex/DataStore -Xcc -D_LIBCPP_HARDENING_MODE\=_LIBCPP_HARDENING_MODE_DEBUG -swift-version 5 -I /Users/elio/Library/Developer/Xcode/DerivedData/FluxPlayer-capuctxjnzsikkbmjeirxlkkfnxd/Build/Products/Debug-appletvsimulator -F /Users/elio/Library/Developer/Xcode/DerivedData/FluxPlayer-capuctxjnzsikkbmjeirxlkkfnxd/Build/Products/Debug-appletvsimulator -c -j11 -enable-batch-mode -incremental -Xcc -ivfsstatcache -Xcc /Users/elio/Library/Developer/Xcode/DerivedData/SDKStatCaches.noindex/appletvsimulator26.2-23K50-080c9acb371011151a58bc032572b023.sdkstatcache -output-file-map /Users/elio/Library/Developer/Xcode/DerivedData/FluxPlayer-capuctxjnzsikkbmjeirxlkkfnxd/Build/Intermediates.noindex/FluxPlayer.build/Debug-appletvsimulator/FluxPlayer-tvOS.build/Objects-normal/arm64/FluxPlayer-tvOS-OutputFileMap.json -use-frontend-parseable-output -save-temps -no-color-diagnostics -explicit-module-build -module-cache-path /Users/elio/Library/Developer/Xcode/DerivedData/FluxPlayer-capuctxjnzsikkbmjeirxlkkfnxd/Build/Intermediates.noindex/SwiftExplicitPrecompiledModules -clang-scanner-module-cache-path /Users/elio/Library/Developer/Xcode/DerivedData/ModuleCache.noindex -sdk-module-cache-path /Users/elio/Library/Developer/Xcode/DerivedData/ModuleCache.noindex -serialize-diagnostics -emit-dependencies -emit-module -emit-module-path /Users/elio/Library/Developer/Xcode/DerivedData/FluxPlayer-capuctxjnzsikkbmjeirxlkkfnxd/Build/Intermediates.noindex/FluxPlayer.build/Debug-appletvsimulator/FluxPlayer-tvOS.build/Objects-normal/arm64/FluxPlayer_tvOS.swiftmodule -validate-clang-modules-once -clang-build-session-file /Users/elio/Library/Developer/Xcode/DerivedData/ModuleCache.noindex/Session.modulevalidation -Xcc -I/Users/elio/Library/Developer/Xcode/DerivedData/FluxPlayer-capuctxjnzsikkbmjeirxlkkfnxd/Build/Intermediates.noindex/FluxPlayer.build/Debug-appletvsimulator/FluxPlayer-tvOS.build/swift-overrides.hmap -emit-const-values -Xfrontend -const-gather-protocols-file -Xfrontend /Users/elio/Library/Developer/Xcode/DerivedData/FluxPlayer-capuctxjnzsikkbmjeirxlkkfnxd/Build/Intermediates.noindex/FluxPlayer.build/Debug-appletvsimulator/FluxPlayer-tvOS.build/Objects-normal/arm64/FluxPlayer-tvOS_const_extract_protocols.json -Xcc -iquote -Xcc /Users/elio/Library/Developer/Xcode/DerivedData/FluxPlayer-capuctxjnzsikkbmjeirxlkkfnxd/Build/Intermediates.noindex/FluxPlayer.build/Debug-appletvsimulator/FluxPlayer-tvOS.build/FluxPlayer-tvOS-generated-files.hmap -Xcc -I/Users/elio/Library/Developer/Xcode/DerivedData/FluxPlayer-capuctxjnzsikkbmjeirxlkkfnxd/Build/Intermediates.noindex/FluxPlayer.build/Debug-appletvsimulator/FluxPlayer-tvOS.build/FluxPlayer-tvOS-own-target-headers.hmap -Xcc -I/Users/elio/Library/Developer/Xcode/DerivedData/FluxPlayer-capuctxjnzsikkbmjeirxlkkfnxd/Build/Intermediates.noindex/FluxPlayer.build/Debug-appletvsimulator/FluxPlayer-tvOS.build/FluxPlayer-tvOS-all-target-headers.hmap -Xcc -iquote -Xcc /Users/elio/Library/Developer/Xcode/DerivedData/FluxPlayer-capuctxjnzsikkbmjeirxlkkfnxd/Build/Intermediates.noindex/FluxPlayer.build/Debug-appletvsimulator/FluxPlayer-tvOS.build/FluxPlayer-tvOS-project-headers.hmap -Xcc -I/Users/elio/Library/Developer/Xcode/DerivedData/FluxPlayer-capuctxjnzsikkbmjeirxlkkfnxd/Build/Products/Debug-appletvsimulator/include -Xcc -I/Users/elio/Library/Developer/Xcode/DerivedData/FluxPlayer-capuctxjnzsikkbmjeirxlkkfnxd/Build/Intermediates.noindex/FluxPlayer.build/Debug-appletvsimulator/FluxPlayer-tvOS.build/DerivedSources-normal/arm64 -Xcc -I/Users/elio/Library/Developer/Xcode/DerivedData/FluxPlayer-capuctxjnzsikkbmjeirxlkkfnxd/Build/Intermediates.noindex/FluxPlayer.build/Debug-appletvsimulator/FluxPlayer-tvOS.build/DerivedSources/arm64 -Xcc -I/Users/elio/Library/Developer/Xcode/DerivedData/FluxPlayer-capuctxjnzsikkbmjeirxlkkfnxd/Build/Intermediates.noindex/FluxPlayer.build/Debug-appletvsimulator/FluxPlayer-tvOS.build/DerivedSources -Xcc -DDEBUG\=1 -emit-objc-header -emit-objc-header-path /Users/elio/Library/Developer/Xcode/DerivedData/FluxPlayer-capuctxjnzsikkbmjeirxlkkfnxd/Build/Intermediates.noindex/FluxPlayer.build/Debug-appletvsimulator/FluxPlayer-tvOS.build/Objects-normal/arm64/FluxPlayer_tvOS-Swift.h -working-directory /Users/elio/.gemini/antigravity/scratch/FluxPlayer -experimental-emit-module-separately -disable-cmo

SwiftCompile normal arm64 Compiling\ AdvancedPlayerControlsView.swift /Users/elio/.gemini/antigravity/scratch/FluxPlayer/FluxPlayer/AdvancedPlayerControlsView.swift (in target 'FluxPlayer-tvOS' from project 'FluxPlayer')

SwiftCompile normal arm64 /Users/elio/.gemini/antigravity/scratch/FluxPlayer/FluxPlayer/AdvancedPlayerControlsView.swift (in target 'FluxPlayer-tvOS' from project 'FluxPlayer')
    cd /Users/elio/.gemini/antigravity/scratch/FluxPlayer
    
/Users/elio/.gemini/antigravity/scratch/FluxPlayer/FluxPlayer/AdvancedPlayerControlsView.swift:165:66: error: incorrect argument label in call (have '_:specifier:', expected '_:default:')
                text: viewModel.playbackSpeed == 1.0 ? "1×" : "\(viewModel.playbackSpeed, specifier: "%.2g")×"
/Users/elio/.gemini/antigravity/scratch/FluxPlayer/FluxPlayer/AdvancedPlayerControlsView.swift:227:9: error: the compiler is unable to type-check this expression in reasonable time; try breaking up the expression into distinct sub-expressions
        VStack(alignment: .leading, spacing: 20) {
        ^~~~~~~~~~~~~~~~~~~~~~~~~~~~~~~~~~~~~~~~~~

Failed frontend command:
/Applications/Xcode.app/Contents/Developer/Toolchains/XcodeDefault.xctoolchain/usr/bin/swift-frontend -frontend -c -primary-file /Users/elio/.gemini/antigravity/scratch/FluxPlayer/FluxPlayer/AdvancedPlayerControlsView.swift /Users/elio/.gemini/antigravity/scratch/FluxPlayer/FluxPlayer/ContentView.swift /Users/elio/.gemini/antigravity/scratch/FluxPlayer/FluxPlayer/FluxPlayerApp.swift /Users/elio/.gemini/antigravity/scratch/FluxPlayer/FluxPlayer/IPTVChannelListView.swift /Users/elio/.gemini/antigravity/scratch/FluxPlayer/FluxPlayer/IPTVManager.swift /Users/elio/.gemini/antigravity/scratch/FluxPlayer/FluxPlayer/IPTVPlaylistSelectionView.swift /Users/elio/.gemini/antigravity/scratch/FluxPlayer/FluxPlayer/PlayerViewModel.swift /Users/elio/.gemini/antigravity/scratch/FluxPlayer/FluxPlayer/Theme.swift /Users/elio/Library/Developer/Xcode/DerivedData/FluxPlayer-capuctxjnzsikkbmjeirxlkkfnxd/Build/Intermediates.noindex/FluxPlayer.build/Debug-appletvsimulator/FluxPlayer-tvOS.build/DerivedSources/GeneratedAssetSymbols.swift -emit-dependencies-path /Users/elio/Library/Developer/Xcode/DerivedData/FluxPlayer-capuctxjnzsikkbmjeirxlkkfnxd/Build/Intermediates.noindex/FluxPlayer.build/Debug-appletvsimulator/FluxPlayer-tvOS.build/Objects-normal/arm64/AdvancedPlayerControlsView.d -emit-const-values-path /Users/elio/Library/Developer/Xcode/DerivedData/FluxPlayer-capuctxjnzsikkbmjeirxlkkfnxd/Build/Intermediates.noindex/FluxPlayer.build/Debug-appletvsimulator/FluxPlayer-tvOS.build/Objects-normal/arm64/AdvancedPlayerControlsView.swiftconstvalues -emit-reference-dependencies-path /Users/elio/Library/Developer/Xcode/DerivedData/FluxPlayer-capuctxjnzsikkbmjeirxlkkfnxd/Build/Intermediates.noindex/FluxPlayer.build/Debug-appletvsimulator/FluxPlayer-tvOS.build/Objects-normal/arm64/AdvancedPlayerControlsView.swiftdeps -serialize-diagnostics-path /Users/elio/Library/Developer/Xcode/DerivedData/FluxPlayer-capuctxjnzsikkbmjeirxlkkfnxd/Build/Intermediates.noindex/FluxPlayer.build/Debug-appletvsimulator/FluxPlayer-tvOS.build/Objects-normal/arm64/AdvancedPlayerControlsView.dia -target arm64-apple-tvos17.0-simulator -module-can-import-version DeveloperToolsSupport 23.0.4 23.0.4 -disable-cross-import-overlay-search -swift-module-cross-import AVKit /Applications/Xcode.app/Contents/Developer/Platforms/AppleTVSimulator.platform/Developer/SDKs/AppleTVSimulator.sdk/System/Library/Frameworks/AVKit.framework/Modules/AVKit.swiftcrossimport/SwiftUI.swiftoverlay -swift-module-cross-import AVKit /Applications/Xcode.app/Contents/Developer/Platforms/AppleTVSimulator.platform/Developer/SDKs/AppleTVSimulator26.2.sdk/System/Library/Frameworks/AVKit.framework/Modules/AVKit.swiftcrossimport/SwiftUI.swiftoverlay -load-resolved-plugin /Applications/Xcode.app/Contents/Developer/Platforms/AppleTVOS.platform/Developer/usr/lib/swift/host/plugins/libFoundationMacros.dylib\#/Applications/Xcode.app/Contents/Developer/Platforms/AppleTVOS.platform/Developer/usr/bin/swift-plugin-server\#FoundationMacros -load-resolved-plugin /Applications/Xcode.app/Contents/Developer/Platforms/AppleTVOS.platform/Developer/usr/lib/swift/host/plugins/libObservationMacros.dylib\#/Applications/Xcode.app/Contents/Developer/Platforms/AppleTVOS.platform/Developer/usr/bin/swift-plugin-server\#ObservationMacros -load-resolved-plugin /Applications/Xcode.app/Contents/Developer/Platforms/AppleTVOS.platform/Developer/usr/lib/swift/host/plugins/libPreviewsMacros.dylib\#/Applications/Xcode.app/Contents/Developer/Platforms/AppleTVOS.platform/Developer/usr/bin/swift-plugin-server\#PreviewsMacros -load-resolved-plugin /Applications/Xcode.app/Contents/Developer/Platforms/AppleTVOS.platform/Developer/usr/lib/swift/host/plugins/libSwiftMacros.dylib\#/Applications/Xcode.app/Contents/Developer/Platforms/AppleTVOS.platform/Developer/usr/bin/swift-plugin-server\#SwiftMacros -load-resolved-plugin /Applications/Xcode.app/Contents/Developer/Platforms/AppleTVOS.platform/Developer/usr/lib/swift/host/plugins/libSwiftUIMacros.dylib\#/Applications/Xcode.app/Contents/Developer/Platforms/AppleTVOS.platform/Developer/usr/bin/swift-plugin-server\#SwiftUIMacros -load-resolved-plugin /Applications/Xcode.app/Contents/Developer/Platforms/AppleTVOS.platform/Developer/usr/lib/swift/host/plugins/libTipKitMacros.dylib\#/Applications/Xcode.app/Contents/Developer/Platforms/AppleTVOS.platform/Developer/usr/bin/swift-plugin-server\#TipKitMacros -disable-implicit-swift-modules -Xcc -fno-implicit-modules -Xcc -fno-implicit-module-maps -explicit-swift-module-map-file /Users/elio/Library/Developer/Xcode/DerivedData/FluxPlayer-capuctxjnzsikkbmjeirxlkkfnxd/Build/Intermediates.noindex/FluxPlayer.build/Debug-appletvsimulator/FluxPlayer-tvOS.build/Objects-normal/arm64/FluxPlayer_tvOS-dependencies-1.json -Xllvm -aarch64-use-tbi -enable-objc-interop -sdk /Applications/Xcode.app/Contents/Developer/Platforms/AppleTVSimulator.platform/Developer/SDKs/AppleTVSimulator26.2.sdk -I /Users/elio/Library/Developer/Xcode/DerivedData/FluxPlayer-capuctxjnzsikkbmjeirxlkkfnxd/Build/Products/Debug-appletvsimulator -F /Users/elio/Library/Developer/Xcode/DerivedData/FluxPlayer-capuctxjnzsikkbmjeirxlkkfnxd/Build/Products/Debug-appletvsimulator -no-color-diagnostics -Xcc -fno-color-diagnostics -enable-testing -g -debug-info-format\=dwarf -dwarf-version\=4 -module-cache-path /Users/elio/Library/Developer/Xcode/DerivedData/FluxPlayer-capuctxjnzsikkbmjeirxlkkfnxd/Build/Intermediates.noindex/SwiftExplicitPrecompiledModules -swift-version 5 -enforce-exclusivity\=checked -Onone -D DEBUG -serialize-debugging-options -const-gather-protocols-file /Users/elio/Library/Developer/Xcode/DerivedData/FluxPlayer-capuctxjnzsikkbmjeirxlkkfnxd/Build/Intermediates.noindex/FluxPlayer.build/Debug-appletvsimulator/FluxPlayer-tvOS.build/Objects-normal/arm64/FluxPlayer-tvOS_const_extract_protocols.json -enable-experimental-feature DebugDescriptionMacro -enable-bare-slash-regex -empty-abi-descriptor -validate-clang-modules-once -clang-build-session-file /Users/elio/Library/Developer/Xcode/DerivedData/ModuleCache.noindex/Session.modulevalidation -Xcc -working-directory -Xcc /Users/elio/.gemini/antigravity/scratch/FluxPlayer -enable-anonymous-context-mangled-names -file-compilation-dir /Users/elio/.gemini/antigravity/scratch/FluxPlayer -Xcc -D_LIBCPP_HARDENING_MODE\=_LIBCPP_HARDENING_MODE_DEBUG -Xcc -ivfsstatcache -Xcc /Users/elio/Library/Developer/Xcode/DerivedData/SDKStatCaches.noindex/appletvsimulator26.2-23K50-080c9acb371011151a58bc032572b023.sdkstatcache -Xcc -I/Users/elio/Library/Developer/Xcode/DerivedData/FluxPlayer-capuctxjnzsikkbmjeirxlkkfnxd/Build/Intermediates.noindex/FluxPlayer.build/Debug-appletvsimulator/FluxPlayer-tvOS.build/swift-overrides.hmap -Xcc -iquote -Xcc /Users/elio/Library/Developer/Xcode/DerivedData/FluxPlayer-capuctxjnzsikkbmjeirxlkkfnxd/Build/Intermediates.noindex/FluxPlayer.build/Debug-appletvsimulator/FluxPlayer-tvOS.build/FluxPlayer-tvOS-generated-files.hmap -Xcc -I/Users/elio/Library/Developer/Xcode/DerivedData/FluxPlayer-capuctxjnzsikkbmjeirxlkkfnxd/Build/Intermediates.noindex/FluxPlayer.build/Debug-appletvsimulator/FluxPlayer-tvOS.build/FluxPlayer-tvOS-own-target-headers.hmap -Xcc -I/Users/elio/Library/Developer/Xcode/DerivedData/FluxPlayer-capuctxjnzsikkbmjeirxlkkfnxd/Build/Intermediates.noindex/FluxPlayer.build/Debug-appletvsimulator/FluxPlayer-tvOS.build/FluxPlayer-tvOS-all-target-headers.hmap -Xcc -iquote -Xcc /Users/elio/Library/Developer/Xcode/DerivedData/FluxPlayer-capuctxjnzsikkbmjeirxlkkfnxd/Build/Intermediates.noindex/FluxPlayer.build/Debug-appletvsimulator/FluxPlayer-tvOS.build/FluxPlayer-tvOS-project-headers.hmap -Xcc -I/Users/elio/Library/Developer/Xcode/DerivedData/FluxPlayer-capuctxjnzsikkbmjeirxlkkfnxd/Build/Products/Debug-appletvsimulator/include -Xcc -I/Users/elio/Library/Developer/Xcode/DerivedData/FluxPlayer-capuctxjnzsikkbmjeirxlkkfnxd/Build/Intermediates.noindex/FluxPlayer.build/Debug-appletvsimulator/FluxPlayer-tvOS.build/DerivedSources-normal/arm64 -Xcc -I/Users/elio/Library/Developer/Xcode/DerivedData/FluxPlayer-capuctxjnzsikkbmjeirxlkkfnxd/Build/Intermediates.noindex/FluxPlayer.build/Debug-appletvsimulator/FluxPlayer-tvOS.build/DerivedSources/arm64 -Xcc -I/Users/elio/Library/Developer/Xcode/DerivedData/FluxPlayer-capuctxjnzsikkbmjeirxlkkfnxd/Build/Intermediates.noindex/FluxPlayer.build/Debug-appletvsimulator/FluxPlayer-tvOS.build/DerivedSources -Xcc -DDEBUG\=1 -no-auto-bridging-header-chaining -module-name FluxPlayer_tvOS -frontend-parseable-output -disable-clang-spi -target-sdk-version 26.2 -target-sdk-name appletvsimulator26.2 -clang-target arm64-apple-tvos26.2-simulator -in-process-plugin-server-path /Applications/Xcode.app/Contents/Developer/Toolchains/XcodeDefault.xctoolchain/usr/lib/swift/host/libSwiftInProcPluginServer.dylib -o /Users/elio/Library/Developer/Xcode/DerivedData/FluxPlayer-capuctxjnzsikkbmjeirxlkkfnxd/Build/Intermediates.noindex/FluxPlayer.build/Debug-appletvsimulator/FluxPlayer-tvOS.build/Objects-normal/arm64/AdvancedPlayerControlsView.o -index-unit-output-path /FluxPlayer.build/Debug-appletvsimulator/FluxPlayer-tvOS.build/Objects-normal/arm64/AdvancedPlayerControlsView.o -index-store-path /Users/elio/Library/Developer/Xcode/DerivedData/FluxPlayer-capuctxjnzsikkbmjeirxlkkfnxd/Index.noindex/DataStore -index-system-modules
SwiftEmitModule normal arm64 Emitting\ module\ for\ FluxPlayer_tvOS (in target 'FluxPlayer-tvOS' from project 'FluxPlayer')

EmitSwiftModule normal arm64 (in target 'FluxPlayer-tvOS' from project 'FluxPlayer')
    cd /Users/elio/.gemini/antigravity/scratch/FluxPlayer
    

SwiftDriverJobDiscovery normal arm64 Emitting module for FluxPlayer_tvOS (in target 'FluxPlayer-tvOS' from project 'FluxPlayer')

SwiftDriver\ Compilation\ Requirements FluxPlayer-tvOS normal arm64 com.apple.xcode.tools.swift.compiler (in target 'FluxPlayer-tvOS' from project 'FluxPlayer')
    cd /Users/elio/.gemini/antigravity/scratch/FluxPlayer
    builtin-Swift-Compilation-Requirements -- /Applications/Xcode.app/Contents/Developer/Toolchains/XcodeDefault.xctoolchain/usr/bin/swiftc -module-name FluxPlayer_tvOS -Onone -enforce-exclusivity\=checked @/Users/elio/Library/Developer/Xcode/DerivedData/FluxPlayer-capuctxjnzsikkbmjeirxlkkfnxd/Build/Intermediates.noindex/FluxPlayer.build/Debug-appletvsimulator/FluxPlayer-tvOS.build/Objects-normal/arm64/FluxPlayer-tvOS.SwiftFileList -DDEBUG -enable-bare-slash-regex -enable-experimental-feature DebugDescriptionMacro -sdk /Applications/Xcode.app/Contents/Developer/Platforms/AppleTVSimulator.platform/Developer/SDKs/AppleTVSimulator26.2.sdk -target arm64-apple-tvos17.0-simulator -g -module-cache-path /Users/elio/Library/Developer/Xcode/DerivedData/ModuleCache.noindex -Xfrontend -serialize-debugging-options -enable-testing -index-store-path /Users/elio/Library/Developer/Xcode/DerivedData/FluxPlayer-capuctxjnzsikkbmjeirxlkkfnxd/Index.noindex/DataStore -Xcc -D_LIBCPP_HARDENING_MODE\=_LIBCPP_HARDENING_MODE_DEBUG -swift-version 5 -I /Users/elio/Library/Developer/Xcode/DerivedData/FluxPlayer-capuctxjnzsikkbmjeirxlkkfnxd/Build/Products/Debug-appletvsimulator -F /Users/elio/Library/Developer/Xcode/DerivedData/FluxPlayer-capuctxjnzsikkbmjeirxlkkfnxd/Build/Products/Debug-appletvsimulator -c -j11 -enable-batch-mode -incremental -Xcc -ivfsstatcache -Xcc /Users/elio/Library/Developer/Xcode/DerivedData/SDKStatCaches.noindex/appletvsimulator26.2-23K50-080c9acb371011151a58bc032572b023.sdkstatcache -output-file-map /Users/elio/Library/Developer/Xcode/DerivedData/FluxPlayer-capuctxjnzsikkbmjeirxlkkfnxd/Build/Intermediates.noindex/FluxPlayer.build/Debug-appletvsimulator/FluxPlayer-tvOS.build/Objects-normal/arm64/FluxPlayer-tvOS-OutputFileMap.json -use-frontend-parseable-output -save-temps -no-color-diagnostics -explicit-module-build -module-cache-path /Users/elio/Library/Developer/Xcode/DerivedData/FluxPlayer-capuctxjnzsikkbmjeirxlkkfnxd/Build/Intermediates.noindex/SwiftExplicitPrecompiledModules -clang-scanner-module-cache-path /Users/elio/Library/Developer/Xcode/DerivedData/ModuleCache.noindex -sdk-module-cache-path /Users/elio/Library/Developer/Xcode/DerivedData/ModuleCache.noindex -serialize-diagnostics -emit-dependencies -emit-module -emit-module-path /Users/elio/Library/Developer/Xcode/DerivedData/FluxPlayer-capuctxjnzsikkbmjeirxlkkfnxd/Build/Intermediates.noindex/FluxPlayer.build/Debug-appletvsimulator/FluxPlayer-tvOS.build/Objects-normal/arm64/FluxPlayer_tvOS.swiftmodule -validate-clang-modules-once -clang-build-session-file /Users/elio/Library/Developer/Xcode/DerivedData/ModuleCache.noindex/Session.modulevalidation -Xcc -I/Users/elio/Library/Developer/Xcode/DerivedData/FluxPlayer-capuctxjnzsikkbmjeirxlkkfnxd/Build/Intermediates.noindex/FluxPlayer.build/Debug-appletvsimulator/FluxPlayer-tvOS.build/swift-overrides.hmap -emit-const-values -Xfrontend -const-gather-protocols-file -Xfrontend /Users/elio/Library/Developer/Xcode/DerivedData/FluxPlayer-capuctxjnzsikkbmjeirxlkkfnxd/Build/Intermediates.noindex/FluxPlayer.build/Debug-appletvsimulator/FluxPlayer-tvOS.build/Objects-normal/arm64/FluxPlayer-tvOS_const_extract_protocols.json -Xcc -iquote -Xcc /Users/elio/Library/Developer/Xcode/DerivedData/FluxPlayer-capuctxjnzsikkbmjeirxlkkfnxd/Build/Intermediates.noindex/FluxPlayer.build/Debug-appletvsimulator/FluxPlayer-tvOS.build/FluxPlayer-tvOS-generated-files.hmap -Xcc -I/Users/elio/Library/Developer/Xcode/DerivedData/FluxPlayer-capuctxjnzsikkbmjeirxlkkfnxd/Build/Intermediates.noindex/FluxPlayer.build/Debug-appletvsimulator/FluxPlayer-tvOS.build/FluxPlayer-tvOS-own-target-headers.hmap -Xcc -I/Users/elio/Library/Developer/Xcode/DerivedData/FluxPlayer-capuctxjnzsikkbmjeirxlkkfnxd/Build/Intermediates.noindex/FluxPlayer.build/Debug-appletvsimulator/FluxPlayer-tvOS.build/FluxPlayer-tvOS-all-target-headers.hmap -Xcc -iquote -Xcc /Users/elio/Library/Developer/Xcode/DerivedData/FluxPlayer-capuctxjnzsikkbmjeirxlkkfnxd/Build/Intermediates.noindex/FluxPlayer.build/Debug-appletvsimulator/FluxPlayer-tvOS.build/FluxPlayer-tvOS-project-headers.hmap -Xcc -I/Users/elio/Library/Developer/Xcode/DerivedData/FluxPlayer-capuctxjnzsikkbmjeirxlkkfnxd/Build/Products/Debug-appletvsimulator/include -Xcc -I/Users/elio/Library/Developer/Xcode/DerivedData/FluxPlayer-capuctxjnzsikkbmjeirxlkkfnxd/Build/Intermediates.noindex/FluxPlayer.build/Debug-appletvsimulator/FluxPlayer-tvOS.build/DerivedSources-normal/arm64 -Xcc -I/Users/elio/Library/Developer/Xcode/DerivedData/FluxPlayer-capuctxjnzsikkbmjeirxlkkfnxd/Build/Intermediates.noindex/FluxPlayer.build/Debug-appletvsimulator/FluxPlayer-tvOS.build/DerivedSources/arm64 -Xcc -I/Users/elio/Library/Developer/Xcode/DerivedData/FluxPlayer-capuctxjnzsikkbmjeirxlkkfnxd/Build/Intermediates.noindex/FluxPlayer.build/Debug-appletvsimulator/FluxPlayer-tvOS.build/DerivedSources -Xcc -DDEBUG\=1 -emit-objc-header -emit-objc-header-path /Users/elio/Library/Developer/Xcode/DerivedData/FluxPlayer-capuctxjnzsikkbmjeirxlkkfnxd/Build/Intermediates.noindex/FluxPlayer.build/Debug-appletvsimulator/FluxPlayer-tvOS.build/Objects-normal/arm64/FluxPlayer_tvOS-Swift.h -working-directory /Users/elio/.gemini/antigravity/scratch/FluxPlayer -experimental-emit-module-separately -disable-cmo

Copy /Users/elio/Library/Developer/Xcode/DerivedData/FluxPlayer-capuctxjnzsikkbmjeirxlkkfnxd/Build/Products/Debug-appletvsimulator/FluxPlayer_tvOS.swiftmodule/arm64-apple-tvos-simulator.abi.json /Users/elio/Library/Developer/Xcode/DerivedData/FluxPlayer-capuctxjnzsikkbmjeirxlkkfnxd/Build/Intermediates.noindex/FluxPlayer.build/Debug-appletvsimulator/FluxPlayer-tvOS.build/Objects-normal/arm64/FluxPlayer_tvOS.abi.json (in target 'FluxPlayer-tvOS' from project 'FluxPlayer')
    cd /Users/elio/.gemini/antigravity/scratch/FluxPlayer
    builtin-copy -exclude .DS_Store -exclude CVS -exclude .svn -exclude .git -exclude .hg -resolve-src-symlinks -rename /Users/elio/Library/Developer/Xcode/DerivedData/FluxPlayer-capuctxjnzsikkbmjeirxlkkfnxd/Build/Intermediates.noindex/FluxPlayer.build/Debug-appletvsimulator/FluxPlayer-tvOS.build/Objects-normal/arm64/FluxPlayer_tvOS.abi.json /Users/elio/Library/Developer/Xcode/DerivedData/FluxPlayer-capuctxjnzsikkbmjeirxlkkfnxd/Build/Products/Debug-appletvsimulator/FluxPlayer_tvOS.swiftmodule/arm64-apple-tvos-simulator.abi.json

** BUILD FAILED **


The following build commands failed:
	SwiftCompile normal arm64 /Users/elio/.gemini/antigravity/scratch/FluxPlayer/FluxPlayer/AdvancedPlayerControlsView.swift (in target 'FluxPlayer-tvOS' from project 'FluxPlayer')
	SwiftCompile normal arm64 Compiling\ AdvancedPlayerControlsView.swift /Users/elio/.gemini/antigravity/scratch/FluxPlayer/FluxPlayer/AdvancedPlayerControlsView.swift (in target 'FluxPlayer-tvOS' from project 'FluxPlayer')
	Building project FluxPlayer with scheme FluxPlayer-tvOS
(3 failures)
